5                                      3
5                                      3
5                                      3
5                                      3
5                                      3
5                                      3
5                                      3
5                                      3
5                                      3
5                                      3
5                                      3
5                                      3
5                                      3
5                                      3
5                                      3
5                                      3
5                                      3
5                                      3
5                                      3
5                                      3
5                                      3
5                                      3
5                                      3
5                                      3
5                                      3
5                                      3
5                                      3
5                                      3
5                                      3
5                     6777778          3
5                     3444445          3
5                     3444445          3
5 6777777777777778    3444445          3
5 0111111111111112    3444445          3
5                     3444445          3
5                     3444445          3
5                     3444445          3
5                     3444445          3
5                     0111112          3
5                                      3
5                                      3
5                                      3
5777777778                             3
4444444445                             3
4444444445      6777778     6777778    3
4444444445      0111112     0111112    3
4444444445                             3
4444444445                             3
4444444445                             3
4444444445                             3
4444444445                             3
4444444445                    6777777774
4444444445                    3444444444
4444444445          p         3444444444
4444444445                    3444444444
4444444445                    3444444444
4444444445                    3444444444
4444444444777777777777777777774444444444
4444444444444444444444444444444444444444
w:12
h:12